// Jest Snapshot v1, https://goo.gl/fbAQLP

exports[`@modernpoacher/gremlins/gremlins <CheckGremlin /> With additional props renders 1`] = `
<div
  className="MOCK CLASSNAME"
/>
`;

exports[`@modernpoacher/gremlins/gremlins <CheckGremlin /> With required props renders 1`] = `
<div
  className="MOCK CLASSNAME"
/>
`;

exports[`@modernpoacher/gremlins/gremlins <Gremlin /> With additional props renders 1`] = `
<div
  className="MOCK CLASSNAME"
/>
`;

exports[`@modernpoacher/gremlins/gremlins <Gremlin /> With required props renders 1`] = `
<div
  className="MOCK CLASSNAME"
/>
`;

exports[`@modernpoacher/gremlins/gremlins <ValueGremlin /> With additional props renders 1`] = `
<div
  className="MOCK CLASSNAME"
/>
`;

exports[`@modernpoacher/gremlins/gremlins <ValueGremlin /> With required props renders 1`] = `
<div
  className="MOCK CLASSNAME"
/>
`;
