// Jest Snapshot v1, https://jestjs.io/docs/snapshot-testing

exports[`#gremlins/gremlins/fieldset/group <Group /> With additional props matches the snapshot 1`] = `
<fieldset
  className="MOCK CLASSNAME"
>
  MOCK CHILDREN
</fieldset>
`;

exports[`#gremlins/gremlins/fieldset/group <Group /> With required props matches the snapshot 1`] = `null`;
